14:19:00  ========================================================================
14:19:00  RUN  : 00f49a67
14:19:00  DEV  : /dev/nvme0n1
14:19:00  TESTS: admin_identify_fdps, admin_identify_fcm, admin_identify_vwc_global, admin_identify_vwc_flush, admin_identify_fdps_command_set, admin_enable_fdp_empty, admin_enable_fdp_with_ns, admin_enable_fdp_invalid_config, admin_disable_fdp_stats_clear, admin_create_ns_valid_phl
14:19:00  ========================================================================
14:19:00  
14:19:00  ────────────────────────────────────────────────────────────
14:19:00  TEST START: [admin_identify_fdps] Validate FDPS Bit in Controller Attributes
14:19:00  ────────────────────────────────────────────────────────────
14:19:00  CMD: nvme id-ctrl /dev/nvme0n1 -o json
14:19:00  RC : 0
14:19:00  OUT: {
  "vid":7260,
  "ssvid":7260,
  "sn":"SN IS 0x0100        ",
  "mn":"Skhynix PEB210 NVMe 8TB                 ",
  "fr":"71091A50",
  "rab":3,
  "ieee":11330606,
  "cmic":0,
  "mdts":7,
  "cntlid":1,
  "ver":131328,
  "rtd3r":20000000,
  "rtd3e":10000000,
  "oaes":8960,
  "ctratt":2687632,
  "rrls":0,
  "bpcap":1,
  "nssl":0,
  "plsi":0,
  "cntrltype":1,
  "fguid":"00000000-0000-0000-0000-000000000000",
  "crdt1":0,
  "crdt2":0,
  "crdt3":0,
  "crcap":0,
  "nvmsr":1,
  "vwci":255,
  "mec":3,
  "oacs":1663,
  "acl":7,
  "aerl":3,
  "frmw":55,
  "lpa":126,
  "elpe":255,
  "npss":8,
  "avscc":1,
  "apsta":0,
  "wctemp":350,
  "cctemp":358,
  "mtfa":10,
  "hmpre":0,
  "hmmin":0,
  "tnvmcap":7681501126656,
  "unvmcap":0,
  "rpmbs":0,
  "edstt":30,
  "dsto":1,
  "fwug":1,
  "kas":0,
  "hctma":0,
  "mntmt":0,
  "mxtmt":0,
  "sanicap":1073741839,
  "hmminds":0,
  "hmmaxd":0,
  "nsetidmax":0,
  "endgidmax":1,
  "anatt":0,
  "anacap":0,
  "anagrpmax":0,
  "nanagrpid":0,
  "pels":80,
  "domainid":0,
  "kpioc":0,
  "mptfawr":10,
  "megcap":0,
  "tmpthha":0,
  "cqt":0,
  "sqes":102,
  "cqes":68,
  "maxcmd":0,
  "nn":8,
  "oncs":5087,
  "fuses":1,
  "fna":4,
  "vwc":6,
  "awun":0,
  "awupf":0,
  "icsvscc":1,
  "nwpc":0,
  "acwu":127,
  "ocfs":5,
  "sgls":0,
  "mnan":0,
  "maxdna":8,
  "maxcna":8,
  "oaqd":0,
  "rhiri":0,
  "hirt":0,
  "cmmrtd":0,
  "nmmrtd":0,
  "minmrtg":0,
  "maxmrtg":0,
  "trattr":0,
  "mcudmq":0,
  "mnsudmq":0,
  "mcmr":0,
  "nmcmr":0,
  "mcdqpc":0,
  "ioccsz":0,
  "iorcsz":0,
  "icdoff":0,
  "fcatt":0,
  "msdbd":0,
  "ofcs":0,
  "psds":[
    {
      "max_power":3500,
      "max_power_scale":0,
      "non-operational_state":0,
      "entry_lat":100000,
      "exit_lat":100000,
      "read_tput":0,
      "read_lat":0,
      "write_tput":0,
      "write_lat":0,
      "idle_power":500,
      "idle_scale":2,
      "active_power":0,
      "active_power_work":0,
      "active_scale":0,
      "emerg_power_fail_recover_time":0,
      "emerg_power_fail_recover_scale"
14:19:00  CMD: nvme set-feature /dev/nvme0n1 --feature-id=29 --value=0 --cdw12=1
14:19:00  RC : 1
14:19:00  ERR: NVMe status: Invalid Field in Command: A reserved coded value or an unsupported value in a defined field(0x2)
14:19:00  TEST END  : [admin_identify_fdps] status=fail  msg=Controller advertises FDP support but rejects FID 1Dh.
14:19:00  
14:19:00  ────────────────────────────────────────────────────────────
14:19:00  TEST START: [admin_identify_fcm] Validate Fixed Capacity Management (FCM)
14:19:00  ────────────────────────────────────────────────────────────
14:19:00  CMD: nvme id-ctrl /dev/nvme0n1 -o json
14:19:00  RC : 0
14:19:00  OUT: {
  "vid":7260,
  "ssvid":7260,
  "sn":"SN IS 0x0100        ",
  "mn":"Skhynix PEB210 NVMe 8TB                 ",
  "fr":"71091A50",
  "rab":3,
  "ieee":11330606,
  "cmic":0,
  "mdts":7,
  "cntlid":1,
  "ver":131328,
  "rtd3r":20000000,
  "rtd3e":10000000,
  "oaes":8960,
  "ctratt":2687632,
  "rrls":0,
  "bpcap":1,
  "nssl":0,
  "plsi":0,
  "cntrltype":1,
  "fguid":"00000000-0000-0000-0000-000000000000",
  "crdt1":0,
  "crdt2":0,
  "crdt3":0,
  "crcap":0,
  "nvmsr":1,
  "vwci":255,
  "mec":3,
  "oacs":1663,
  "acl":7,
  "aerl":3,
  "frmw":55,
  "lpa":126,
  "elpe":255,
  "npss":8,
  "avscc":1,
  "apsta":0,
  "wctemp":350,
  "cctemp":358,
  "mtfa":10,
  "hmpre":0,
  "hmmin":0,
  "tnvmcap":7681501126656,
  "unvmcap":0,
  "rpmbs":0,
  "edstt":30,
  "dsto":1,
  "fwug":1,
  "kas":0,
  "hctma":0,
  "mntmt":0,
  "mxtmt":0,
  "sanicap":1073741839,
  "hmminds":0,
  "hmmaxd":0,
  "nsetidmax":0,
  "endgidmax":1,
  "anatt":0,
  "anacap":0,
  "anagrpmax":0,
  "nanagrpid":0,
  "pels":80,
  "domainid":0,
  "kpioc":0,
  "mptfawr":10,
  "megcap":0,
  "tmpthha":0,
  "cqt":0,
  "sqes":102,
  "cqes":68,
  "maxcmd":0,
  "nn":8,
  "oncs":5087,
  "fuses":1,
  "fna":4,
  "vwc":6,
  "awun":0,
  "awupf":0,
  "icsvscc":1,
  "nwpc":0,
  "acwu":127,
  "ocfs":5,
  "sgls":0,
  "mnan":0,
  "maxdna":8,
  "maxcna":8,
  "oaqd":0,
  "rhiri":0,
  "hirt":0,
  "cmmrtd":0,
  "nmmrtd":0,
  "minmrtg":0,
  "maxmrtg":0,
  "trattr":0,
  "mcudmq":0,
  "mnsudmq":0,
  "mcmr":0,
  "nmcmr":0,
  "mcdqpc":0,
  "ioccsz":0,
  "iorcsz":0,
  "icdoff":0,
  "fcatt":0,
  "msdbd":0,
  "ofcs":0,
  "psds":[
    {
      "max_power":3500,
      "max_power_scale":0,
      "non-operational_state":0,
      "entry_lat":100000,
      "exit_lat":100000,
      "read_tput":0,
      "read_lat":0,
      "write_tput":0,
      "write_lat":0,
      "idle_power":500,
      "idle_scale":2,
      "active_power":0,
      "active_power_work":0,
      "active_scale":0,
      "emerg_power_fail_recover_time":0,
      "emerg_power_fail_recover_scale"
14:19:00  TEST END  : [admin_identify_fcm] status=pass  msg=FCM state successfully observed as: 0 (Disabled)
14:19:01  
14:19:01  ────────────────────────────────────────────────────────────
14:19:01  TEST START: [admin_identify_vwc_global] Validate Global VWC vs. FDP VWC
14:19:01  ────────────────────────────────────────────────────────────
14:19:01  CMD: nvme id-ctrl /dev/nvme0n1 -o json
14:19:01  RC : 0
14:19:01  OUT: {
  "vid":7260,
  "ssvid":7260,
  "sn":"SN IS 0x0100        ",
  "mn":"Skhynix PEB210 NVMe 8TB                 ",
  "fr":"71091A50",
  "rab":3,
  "ieee":11330606,
  "cmic":0,
  "mdts":7,
  "cntlid":1,
  "ver":131328,
  "rtd3r":20000000,
  "rtd3e":10000000,
  "oaes":8960,
  "ctratt":2687632,
  "rrls":0,
  "bpcap":1,
  "nssl":0,
  "plsi":0,
  "cntrltype":1,
  "fguid":"00000000-0000-0000-0000-000000000000",
  "crdt1":0,
  "crdt2":0,
  "crdt3":0,
  "crcap":0,
  "nvmsr":1,
  "vwci":255,
  "mec":3,
  "oacs":1663,
  "acl":7,
  "aerl":3,
  "frmw":55,
  "lpa":126,
  "elpe":255,
  "npss":8,
  "avscc":1,
  "apsta":0,
  "wctemp":350,
  "cctemp":358,
  "mtfa":10,
  "hmpre":0,
  "hmmin":0,
  "tnvmcap":7681501126656,
  "unvmcap":0,
  "rpmbs":0,
  "edstt":30,
  "dsto":1,
  "fwug":1,
  "kas":0,
  "hctma":0,
  "mntmt":0,
  "mxtmt":0,
  "sanicap":1073741839,
  "hmminds":0,
  "hmmaxd":0,
  "nsetidmax":0,
  "endgidmax":1,
  "anatt":0,
  "anacap":0,
  "anagrpmax":0,
  "nanagrpid":0,
  "pels":80,
  "domainid":0,
  "kpioc":0,
  "mptfawr":10,
  "megcap":0,
  "tmpthha":0,
  "cqt":0,
  "sqes":102,
  "cqes":68,
  "maxcmd":0,
  "nn":8,
  "oncs":5087,
  "fuses":1,
  "fna":4,
  "vwc":6,
  "awun":0,
  "awupf":0,
  "icsvscc":1,
  "nwpc":0,
  "acwu":127,
  "ocfs":5,
  "sgls":0,
  "mnan":0,
  "maxdna":8,
  "maxcna":8,
  "oaqd":0,
  "rhiri":0,
  "hirt":0,
  "cmmrtd":0,
  "nmmrtd":0,
  "minmrtg":0,
  "maxmrtg":0,
  "trattr":0,
  "mcudmq":0,
  "mnsudmq":0,
  "mcmr":0,
  "nmcmr":0,
  "mcdqpc":0,
  "ioccsz":0,
  "iorcsz":0,
  "icdoff":0,
  "fcatt":0,
  "msdbd":0,
  "ofcs":0,
  "psds":[
    {
      "max_power":3500,
      "max_power_scale":0,
      "non-operational_state":0,
      "entry_lat":100000,
      "exit_lat":100000,
      "read_tput":0,
      "read_lat":0,
      "write_tput":0,
      "write_lat":0,
      "idle_power":500,
      "idle_scale":2,
      "active_power":0,
      "active_power_work":0,
      "active_scale":0,
      "emerg_power_fail_recover_time":0,
      "emerg_power_fail_recover_scale"
14:19:01  CMD: nvme fdp configs /dev/nvme0n1 --endgrp-id=1 -o json
14:19:01  RC : 0
14:19:01  OUT: {
  "n":0,
  "configs":[
    {
      "fdpa":128,
      "vss":0,
      "nrg":1,
      "nruh":16,
      "nnss":8,
      "runs":23729799168,
      "erutl":604800
    }
  ]
}
14:19:01  TEST END  : [admin_identify_vwc_global] status=skip  msg=No FDP Configurations found.
14:19:01  
14:19:01  ────────────────────────────────────────────────────────────
14:19:01  TEST START: [admin_identify_vwc_flush] Validate Flush Behavior (FB) Field
14:19:01  ────────────────────────────────────────────────────────────
14:19:01  CMD: nvme id-ctrl /dev/nvme0n1 -o json
14:19:01  RC : 0
14:19:01  OUT: {
  "vid":7260,
  "ssvid":7260,
  "sn":"SN IS 0x0100        ",
  "mn":"Skhynix PEB210 NVMe 8TB                 ",
  "fr":"71091A50",
  "rab":3,
  "ieee":11330606,
  "cmic":0,
  "mdts":7,
  "cntlid":1,
  "ver":131328,
  "rtd3r":20000000,
  "rtd3e":10000000,
  "oaes":8960,
  "ctratt":2687632,
  "rrls":0,
  "bpcap":1,
  "nssl":0,
  "plsi":0,
  "cntrltype":1,
  "fguid":"00000000-0000-0000-0000-000000000000",
  "crdt1":0,
  "crdt2":0,
  "crdt3":0,
  "crcap":0,
  "nvmsr":1,
  "vwci":255,
  "mec":3,
  "oacs":1663,
  "acl":7,
  "aerl":3,
  "frmw":55,
  "lpa":126,
  "elpe":255,
  "npss":8,
  "avscc":1,
  "apsta":0,
  "wctemp":350,
  "cctemp":358,
  "mtfa":10,
  "hmpre":0,
  "hmmin":0,
  "tnvmcap":7681501126656,
  "unvmcap":0,
  "rpmbs":0,
  "edstt":30,
  "dsto":1,
  "fwug":1,
  "kas":0,
  "hctma":0,
  "mntmt":0,
  "mxtmt":0,
  "sanicap":1073741839,
  "hmminds":0,
  "hmmaxd":0,
  "nsetidmax":0,
  "endgidmax":1,
  "anatt":0,
  "anacap":0,
  "anagrpmax":0,
  "nanagrpid":0,
  "pels":80,
  "domainid":0,
  "kpioc":0,
  "mptfawr":10,
  "megcap":0,
  "tmpthha":0,
  "cqt":0,
  "sqes":102,
  "cqes":68,
  "maxcmd":0,
  "nn":8,
  "oncs":5087,
  "fuses":1,
  "fna":4,
  "vwc":6,
  "awun":0,
  "awupf":0,
  "icsvscc":1,
  "nwpc":0,
  "acwu":127,
  "ocfs":5,
  "sgls":0,
  "mnan":0,
  "maxdna":8,
  "maxcna":8,
  "oaqd":0,
  "rhiri":0,
  "hirt":0,
  "cmmrtd":0,
  "nmmrtd":0,
  "minmrtg":0,
  "maxmrtg":0,
  "trattr":0,
  "mcudmq":0,
  "mnsudmq":0,
  "mcmr":0,
  "nmcmr":0,
  "mcdqpc":0,
  "ioccsz":0,
  "iorcsz":0,
  "icdoff":0,
  "fcatt":0,
  "msdbd":0,
  "ofcs":0,
  "psds":[
    {
      "max_power":3500,
      "max_power_scale":0,
      "non-operational_state":0,
      "entry_lat":100000,
      "exit_lat":100000,
      "read_tput":0,
      "read_lat":0,
      "write_tput":0,
      "write_lat":0,
      "idle_power":500,
      "idle_scale":2,
      "active_power":0,
      "active_power_work":0,
      "active_scale":0,
      "emerg_power_fail_recover_time":0,
      "emerg_power_fail_recover_scale"
14:19:01  TEST END  : [admin_identify_vwc_flush] status=pass  msg=Valid Flush Behavior (11b).
14:19:01  
14:19:01  ────────────────────────────────────────────────────────────
14:19:01  TEST START: [admin_identify_fdps_command_set] FDPS & Command Set Consistency
14:19:01  ────────────────────────────────────────────────────────────
14:19:01  CMD: nvme id-ctrl /dev/nvme0n1 -o json
14:19:01  RC : 0
14:19:01  OUT: {
  "vid":7260,
  "ssvid":7260,
  "sn":"SN IS 0x0100        ",
  "mn":"Skhynix PEB210 NVMe 8TB                 ",
  "fr":"71091A50",
  "rab":3,
  "ieee":11330606,
  "cmic":0,
  "mdts":7,
  "cntlid":1,
  "ver":131328,
  "rtd3r":20000000,
  "rtd3e":10000000,
  "oaes":8960,
  "ctratt":2687632,
  "rrls":0,
  "bpcap":1,
  "nssl":0,
  "plsi":0,
  "cntrltype":1,
  "fguid":"00000000-0000-0000-0000-000000000000",
  "crdt1":0,
  "crdt2":0,
  "crdt3":0,
  "crcap":0,
  "nvmsr":1,
  "vwci":255,
  "mec":3,
  "oacs":1663,
  "acl":7,
  "aerl":3,
  "frmw":55,
  "lpa":126,
  "elpe":255,
  "npss":8,
  "avscc":1,
  "apsta":0,
  "wctemp":350,
  "cctemp":358,
  "mtfa":10,
  "hmpre":0,
  "hmmin":0,
  "tnvmcap":7681501126656,
  "unvmcap":0,
  "rpmbs":0,
  "edstt":30,
  "dsto":1,
  "fwug":1,
  "kas":0,
  "hctma":0,
  "mntmt":0,
  "mxtmt":0,
  "sanicap":1073741839,
  "hmminds":0,
  "hmmaxd":0,
  "nsetidmax":0,
  "endgidmax":1,
  "anatt":0,
  "anacap":0,
  "anagrpmax":0,
  "nanagrpid":0,
  "pels":80,
  "domainid":0,
  "kpioc":0,
  "mptfawr":10,
  "megcap":0,
  "tmpthha":0,
  "cqt":0,
  "sqes":102,
  "cqes":68,
  "maxcmd":0,
  "nn":8,
  "oncs":5087,
  "fuses":1,
  "fna":4,
  "vwc":6,
  "awun":0,
  "awupf":0,
  "icsvscc":1,
  "nwpc":0,
  "acwu":127,
  "ocfs":5,
  "sgls":0,
  "mnan":0,
  "maxdna":8,
  "maxcna":8,
  "oaqd":0,
  "rhiri":0,
  "hirt":0,
  "cmmrtd":0,
  "nmmrtd":0,
  "minmrtg":0,
  "maxmrtg":0,
  "trattr":0,
  "mcudmq":0,
  "mnsudmq":0,
  "mcmr":0,
  "nmcmr":0,
  "mcdqpc":0,
  "ioccsz":0,
  "iorcsz":0,
  "icdoff":0,
  "fcatt":0,
  "msdbd":0,
  "ofcs":0,
  "psds":[
    {
      "max_power":3500,
      "max_power_scale":0,
      "non-operational_state":0,
      "entry_lat":100000,
      "exit_lat":100000,
      "read_tput":0,
      "read_lat":0,
      "write_tput":0,
      "write_lat":0,
      "idle_power":500,
      "idle_scale":2,
      "active_power":0,
      "active_power_work":0,
      "active_scale":0,
      "emerg_power_fail_recover_time":0,
      "emerg_power_fail_recover_scale"
14:19:01  CMD: nvme admin-passthru /dev/nvme0n1 --opcode=0x06 --cdw10=1 --cdw11=0 --data-len=4096 --read -o json
14:19:01  RC : 0
14:19:01  OUT: {
  "data: buf=0x55f621b68000 len=4096 width=16 group=1":[
    "\\.\\.SN.IS.0x0100",
    "........Skhynix.",
    "PEB210.NVMe.8TB.",
    "................",
    "71091A50........",
    ".....-1......#..",
    "..).............",
    "................",
    "................",
    "................",
    "................",
    "................",
    "................",
    "................",
    "................",
    "................",
    "....7~....^.f...",
    ".........`%}....",
    "................",
    "................",
    "...........@....",
    "................",
    "P...............",
    "................",
    "................",
    "................",
    "................",
    "................",
    "................",
    "................",
    "................",
    "................",
    "fD..............",
    "................",
    "................",
    "................",
    "................",
    "................",
    "................",
    "................",
    "................",
    "................",
    "................",
    "................",
    "................",
    "................",
    "................",
    "................",
    "................",
    "................",
    "................",
    "................",
    "................",
    "................",
    "................",
    "................",
    "................",
    "................",
    "................",
    "................",
    "................",
    "................",
    "................",
    "................",
    "................",
    "................",
    "................",
    "................",
    "................",
    "................",
    "................",
    "................",
    "................",
    "................",
    "................",
    "................",
    "................",
    "................",
    "................",
    "................",
    "..............
14:19:01  ERR: Admin Command Identify is Success and result: 0x00000000
14:19:01  TEST END  : [admin_identify_fdps_command_set] status=pass  msg=FDPS and Command Set consistency verified.
14:19:01  
14:19:01  ────────────────────────────────────────────────────────────
14:19:01  TEST START: [admin_enable_fdp_empty] Enable FDP on Empty Endurance Group
14:19:01  ────────────────────────────────────────────────────────────
14:19:01  CMD: nvme list-ns /dev/nvme0n1 --all -o json
14:19:01  RC : 0
14:19:01  OUT: {
  "nsid_list":[
    {
      "nsid":1
    }
  ]
}
14:19:01  TEST END  : [admin_enable_fdp_empty] status=skip  msg=Namespaces exist on device. Test requires an empty endurance group. Found NSIDs: [{'nsid': 1}]
14:19:01  
14:19:01  ────────────────────────────────────────────────────────────
14:19:01  TEST START: [admin_enable_fdp_with_ns] Enable FDP with Existing Namespaces (Negative)
14:19:01  ────────────────────────────────────────────────────────────
14:19:01  CMD: nvme list-ns /dev/nvme0n1 --all -o json
14:19:01  RC : 0
14:19:01  OUT: {
  "nsid_list":[
    {
      "nsid":1
    }
  ]
}
14:19:01  CMD: nvme set-feature /dev/nvme0n1 --feature-id=29 --value=1 --cdw12=1
14:19:01  RC : 1
14:19:01  ERR: NVMe status: Invalid Field in Command: A reserved coded value or an unsupported value in a defined field(0x2)
14:19:01  TEST END  : [admin_enable_fdp_with_ns] status=warn  msg=Rejected, but expected Command Sequence Error. Got: nvme status: invalid field in command: a reserved coded value or an unsupported value in a defined field(0x2)

14:19:02  
14:19:02  ────────────────────────────────────────────────────────────
14:19:02  TEST START: [admin_enable_fdp_invalid_config] Enable FDP with Invalid Config Index
14:19:02  ────────────────────────────────────────────────────────────
14:19:02  CMD: nvme set-feature /dev/nvme0n1 --feature-id=29 --value=65281 --cdw12=1
14:19:02  RC : 1
14:19:02  ERR: NVMe status: Invalid Field in Command: A reserved coded value or an unsupported value in a defined field(0x2)
14:19:02  TEST END  : [admin_enable_fdp_invalid_config] status=pass  msg=Controller correctly rejected invalid FDP configuration index.
14:19:02  
14:19:02  ────────────────────────────────────────────────────────────
14:19:02  TEST START: [admin_disable_fdp_stats_clear] Disable FDP (Stats Clearing)
14:19:02  ────────────────────────────────────────────────────────────
14:19:02  CMD: nvme set-feature /dev/nvme0n1 --feature-id=29 --value=0 --cdw12=1
14:19:02  RC : 1
14:19:02  ERR: NVMe status: Invalid Field in Command: A reserved coded value or an unsupported value in a defined field(0x2)
14:19:02  TEST END  : [admin_disable_fdp_stats_clear] status=fail  msg=Set Features command to disable FDP failed.
14:19:02  
14:19:02  ────────────────────────────────────────────────────────────
14:19:02  TEST START: [admin_create_ns_valid_phl] Create NS with Placement Handle List
14:19:02  ────────────────────────────────────────────────────────────
14:19:02  CMD: nvme id-ctrl /dev/nvme0n1 -o json
14:19:02  RC : 0
14:19:02  OUT: {
  "vid":7260,
  "ssvid":7260,
  "sn":"SN IS 0x0100        ",
  "mn":"Skhynix PEB210 NVMe 8TB                 ",
  "fr":"71091A50",
  "rab":3,
  "ieee":11330606,
  "cmic":0,
  "mdts":7,
  "cntlid":1,
  "ver":131328,
  "rtd3r":20000000,
  "rtd3e":10000000,
  "oaes":8960,
  "ctratt":2687632,
  "rrls":0,
  "bpcap":1,
  "nssl":0,
  "plsi":0,
  "cntrltype":1,
  "fguid":"00000000-0000-0000-0000-000000000000",
  "crdt1":0,
  "crdt2":0,
  "crdt3":0,
  "crcap":0,
  "nvmsr":1,
  "vwci":255,
  "mec":3,
  "oacs":1663,
  "acl":7,
  "aerl":3,
  "frmw":55,
  "lpa":126,
  "elpe":255,
  "npss":8,
  "avscc":1,
  "apsta":0,
  "wctemp":350,
  "cctemp":358,
  "mtfa":10,
  "hmpre":0,
  "hmmin":0,
  "tnvmcap":7681501126656,
  "unvmcap":0,
  "rpmbs":0,
  "edstt":30,
  "dsto":1,
  "fwug":1,
  "kas":0,
  "hctma":0,
  "mntmt":0,
  "mxtmt":0,
  "sanicap":1073741839,
  "hmminds":0,
  "hmmaxd":0,
  "nsetidmax":0,
  "endgidmax":1,
  "anatt":0,
  "anacap":0,
  "anagrpmax":0,
  "nanagrpid":0,
  "pels":80,
  "domainid":0,
  "kpioc":0,
  "mptfawr":10,
  "megcap":0,
  "tmpthha":0,
  "cqt":0,
  "sqes":102,
  "cqes":68,
  "maxcmd":0,
  "nn":8,
  "oncs":5087,
  "fuses":1,
  "fna":4,
  "vwc":6,
  "awun":0,
  "awupf":0,
  "icsvscc":1,
  "nwpc":0,
  "acwu":127,
  "ocfs":5,
  "sgls":0,
  "mnan":0,
  "maxdna":8,
  "maxcna":8,
  "oaqd":0,
  "rhiri":0,
  "hirt":0,
  "cmmrtd":0,
  "nmmrtd":0,
  "minmrtg":0,
  "maxmrtg":0,
  "trattr":0,
  "mcudmq":0,
  "mnsudmq":0,
  "mcmr":0,
  "nmcmr":0,
  "mcdqpc":0,
  "ioccsz":0,
  "iorcsz":0,
  "icdoff":0,
  "fcatt":0,
  "msdbd":0,
  "ofcs":0,
  "psds":[
    {
      "max_power":3500,
      "max_power_scale":0,
      "non-operational_state":0,
      "entry_lat":100000,
      "exit_lat":100000,
      "read_tput":0,
      "read_lat":0,
      "write_tput":0,
      "write_lat":0,
      "idle_power":500,
      "idle_scale":2,
      "active_power":0,
      "active_power_work":0,
      "active_scale":0,
      "emerg_power_fail_recover_time":0,
      "emerg_power_fail_recover_scale"
14:19:02  CMD: nvme create-ns /dev/nvme0n1 --nsze=65536 --ncap=65536 --flbas=0 --dps=0 --nmic=0 --endg-id=1 --nphndls=8
14:19:02  RC : 1
14:19:02  ERR: Invalid Placement handle list
14:19:02  TEST END  : [admin_create_ns_valid_phl] status=fail  msg=Command failed to create namespace with valid handles.
14:19:02  
14:19:02  ========================================================================
14:19:02  RUN COMPLETE: complete  pass=4 fail=3 warn=1  elapsed=2.1s
14:19:02  ========================================================================
